Dataset: train=4858, val=270, global_samples/epoch=1000, world_size=1
Initialized 186 tensors from /data/user/sunxc/local_esmdynamic_training/01_rcsb_dynamic_batch8/checkpoint_best.pt; replicated 1->5 conditions for 4 tensors; skipped 0
Epoch 1 active losses: dynamic_logits, frequency_pred, kinetic_logits
/data/user/sunxc/miniconda3/envs/esmdynamic/lib/python3.11/site-packages/openfold/model/primitives.py:203: FutureWarning: `torch.cuda.amp.autocast(args...)` is deprecated. Please use `torch.amp.autocast('cuda', args...)` instead.
  with torch.cuda.amp.autocast(enabled=False):
/data/user/sunxc/miniconda3/envs/esmdynamic/lib/python3.11/site-packages/openfold/model/primitives.py:235: FutureWarning: `torch.cuda.amp.autocast(args...)` is deprecated. Please use `torch.amp.autocast('cuda', args...)` instead.
  with torch.cuda.amp.autocast(enabled=False):
Epoch 1/100: train_loss=4.4696 val_loss=4.10742 train=2446.8s val=229.3s balanced_accuracy=0.8237 precision=0.4335 recall=0.7537 f1=0.5212 auroc=0.9090 rmse=0.6201
Epoch 2 active losses: dynamic_logits, frequency_pred, kinetic_logits
Epoch 2/100: train_loss=3.91007 val_loss=3.60521 train=2163.2s val=206.3s balanced_accuracy=0.8116 precision=0.3250 recall=0.8470 f1=0.4334 auroc=0.8909 rmse=0.5837
Epoch 3 active losses: dynamic_logits, frequency_pred, kinetic_logits
Epoch 3/100: train_loss=3.43801 val_loss=3.2015 train=2090.2s val=200.7s balanced_accuracy=0.8333 precision=0.3657 recall=0.8359 f1=0.4723 auroc=0.9112 rmse=0.4906
Epoch 4 active losses: dynamic_logits, frequency_pred, kinetic_logits
Epoch 4/100: train_loss=3.00975 val_loss=2.81081 train=2091.6s val=204.6s balanced_accuracy=0.8299 precision=0.3819 recall=0.8139 f1=0.4862 auroc=0.9144 rmse=0.4485
Epoch 5 active losses: dynamic_logits, frequency_pred, kinetic_logits
Epoch 5/100: train_loss=2.65464 val_loss=2.49143 train=2109.7s val=198.5s balanced_accuracy=0.8194 precision=0.3856 recall=0.8281 f1=0.4980 auroc=0.9027 rmse=0.3289
Epoch 6 active losses: dynamic_logits, frequency_pred, kinetic_logits
Epoch 6/100: train_loss=2.35238 val_loss=2.20445 train=2114.6s val=199.8s balanced_accuracy=0.8273 precision=0.4308 recall=0.7851 f1=0.5258 auroc=0.9103 rmse=0.2756
Epoch 7 active losses: dynamic_logits, frequency_pred, kinetic_logits
Epoch 7/100: train_loss=2.08508 val_loss=1.94916 train=2112.5s val=201.6s balanced_accuracy=0.8309 precision=0.3985 recall=0.8027 f1=0.5078 auroc=0.9112 rmse=0.2361
Epoch 8 active losses: dynamic_logits, frequency_pred, kinetic_logits
Epoch 8/100: train_loss=1.8773 val_loss=1.78257 train=2068.2s val=195.4s balanced_accuracy=0.8189 precision=0.3936 recall=0.7984 f1=0.4963 auroc=0.8974 rmse=0.1938
Epoch 9 active losses: dynamic_logits, frequency_pred, kinetic_logits
Epoch 9/100: train_loss=1.70224 val_loss=1.61449 train=2136.5s val=205.6s balanced_accuracy=0.8391 precision=0.3805 recall=0.8244 f1=0.4848 auroc=0.9188 rmse=0.1928
Epoch 10 active losses: dynamic_logits, frequency_pred, kinetic_logits
Epoch 10/100: train_loss=1.56288 val_loss=1.47183 train=1807.3s val=127.7s balanced_accuracy=0.8380 precision=0.4000 recall=0.8041 f1=0.5124 auroc=0.9208 rmse=0.1776
Epoch 11 active losses: dynamic_logits, dynamic_confidence, frequency_pred, frequency_residual_pred, kinetic_logits, kinetic_confidence
Epoch 11/100: train_loss=0.754396 val_loss=0.702613 train=1481.1s val=142.6s balanced_accuracy=0.8317 precision=0.3991 recall=0.8036 f1=0.5106 auroc=0.9141 rmse=0.1756
Epoch 12 active losses: dynamic_logits, dynamic_confidence, frequency_pred, frequency_residual_pred, kinetic_logits, kinetic_confidence
Epoch 12/100: train_loss=0.69762 val_loss=0.697241 train=1450.4s val=124.6s balanced_accuracy=0.8233 precision=0.4335 recall=0.7780 f1=0.5303 auroc=0.9078 rmse=0.1769
Epoch 13 active losses: dynamic_logits, dynamic_confidence, frequency_pred, frequency_residual_pred, kinetic_logits, kinetic_confidence
Epoch 13/100: train_loss=0.67015 val_loss=0.65552 train=1354.9s val=121.7s balanced_accuracy=0.8256 precision=0.4359 recall=0.8035 f1=0.5384 auroc=0.9077 rmse=0.1749
Epoch 14 active losses: dynamic_logits, dynamic_confidence, frequency_pred, frequency_residual_pred, kinetic_logits, kinetic_confidence
Epoch 14/100: train_loss=0.643443 val_loss=0.615659 train=1332.5s val=123.6s balanced_accuracy=0.8249 precision=0.4072 recall=0.7968 f1=0.5044 auroc=0.9104 rmse=0.1703
Epoch 15 active losses: dynamic_logits, dynamic_confidence, frequency_pred, frequency_residual_pred, kinetic_logits, kinetic_confidence
Epoch 15/100: train_loss=0.627373 val_loss=0.603092 train=1347.5s val=132.5s balanced_accuracy=0.8290 precision=0.3981 recall=0.7982 f1=0.5030 auroc=0.9131 rmse=0.1680
Epoch 16 active losses: dynamic_logits, dynamic_confidence, frequency_pred, frequency_residual_pred, kinetic_logits, kinetic_confidence
Epoch 16/100: train_loss=0.602584 val_loss=0.591896 train=1311.5s val=126.3s balanced_accuracy=0.8389 precision=0.3920 recall=0.8277 f1=0.5067 auroc=0.9216 rmse=0.1762
Epoch 17 active losses: dynamic_logits, dynamic_confidence, frequency_pred, frequency_residual_pred, kinetic_logits, kinetic_confidence
Epoch 17/100: train_loss=0.584766 val_loss=0.568916 train=1317.6s val=127.4s balanced_accuracy=0.8343 precision=0.3933 recall=0.8083 f1=0.5018 auroc=0.9160 rmse=0.1661
Epoch 18 active losses: dynamic_logits, dynamic_confidence, frequency_pred, frequency_residual_pred, kinetic_logits, kinetic_confidence
Epoch 18/100: train_loss=0.566781 val_loss=0.576012 train=1326.3s val=124.7s balanced_accuracy=0.8240 precision=0.4180 recall=0.7965 f1=0.5157 auroc=0.9045 rmse=0.1706
Epoch 19 active losses: dynamic_logits, dynamic_confidence, frequency_pred, frequency_residual_pred, kinetic_logits, kinetic_confidence
Epoch 19/100: train_loss=0.552247 val_loss=0.549125 train=1323.4s val=125.3s balanced_accuracy=0.8344 precision=0.4344 recall=0.7924 f1=0.5361 auroc=0.9245 rmse=0.1657
Epoch 20 active losses: dynamic_logits, dynamic_confidence, frequency_pred, frequency_residual_pred, kinetic_logits, kinetic_confidence
Epoch 20/100: train_loss=0.534201 val_loss=0.540655 train=1348.4s val=132.1s balanced_accuracy=0.8168 precision=0.4144 recall=0.7811 f1=0.5108 auroc=0.9057 rmse=0.1676
Epoch 21 active losses: dynamic_logits, dynamic_confidence, frequency_pred, frequency_residual_pred, kinetic_logits, kinetic_confidence
Epoch 21/100: train_loss=0.525577 val_loss=0.527114 train=1312.1s val=122.2s balanced_accuracy=0.8227 precision=0.4054 recall=0.7946 f1=0.5053 auroc=0.9042 rmse=0.1687
Epoch 22 active losses: dynamic_logits, dynamic_confidence, frequency_pred, frequency_residual_pred, kinetic_logits, kinetic_confidence
Epoch 22/100: train_loss=0.504056 val_loss=0.497748 train=1336.9s val=137.5s balanced_accuracy=0.8378 precision=0.4017 recall=0.8058 f1=0.5133 auroc=0.9179 rmse=0.1660
Epoch 23 active losses: dynamic_logits, dynamic_confidence, frequency_pred, frequency_residual_pred, kinetic_logits, kinetic_confidence
Epoch 23/100: train_loss=0.496248 val_loss=0.487715 train=1353.6s val=125.5s balanced_accuracy=0.8353 precision=0.4276 recall=0.8051 f1=0.5334 auroc=0.9188 rmse=0.1704
Epoch 24 active losses: dynamic_logits, dynamic_confidence, frequency_pred, frequency_residual_pred, kinetic_logits, kinetic_confidence
Epoch 24/100: train_loss=0.484829 val_loss=0.481433 train=1371.5s val=126.5s balanced_accuracy=0.8215 precision=0.4280 recall=0.7936 f1=0.5272 auroc=0.9058 rmse=0.1692
Epoch 25 active losses: dynamic_logits, dynamic_confidence, frequency_pred, frequency_residual_pred, kinetic_logits, kinetic_confidence
Epoch 25/100: train_loss=0.469033 val_loss=0.469158 train=1338.8s val=124.4s balanced_accuracy=0.8147 precision=0.4203 recall=0.7947 f1=0.5241 auroc=0.8989 rmse=0.1716
Epoch 26 active losses: dynamic_logits, dynamic_confidence, frequency_pred, frequency_residual_pred, kinetic_logits, kinetic_confidence
Epoch 26/100: train_loss=0.461792 val_loss=0.46062 train=1361.7s val=121.3s balanced_accuracy=0.8328 precision=0.4279 recall=0.7964 f1=0.5274 auroc=0.9189 rmse=0.1665
Epoch 27 active losses: dynamic_logits, dynamic_confidence, frequency_pred, frequency_residual_pred, kinetic_logits, kinetic_confidence
Epoch 27/100: train_loss=0.454558 val_loss=0.437182 train=1339.7s val=141.8s balanced_accuracy=0.8333 precision=0.3855 recall=0.8037 f1=0.4997 auroc=0.9169 rmse=0.1628
Epoch 28 active losses: dynamic_logits, dynamic_confidence, frequency_pred, frequency_residual_pred, kinetic_logits, kinetic_confidence
Epoch 28/100: train_loss=0.444171 val_loss=0.430023 train=1338.4s val=127.6s balanced_accuracy=0.8269 precision=0.4180 recall=0.8054 f1=0.5198 auroc=0.9083 rmse=0.1665
Epoch 29 active losses: dynamic_logits, dynamic_confidence, frequency_pred, frequency_residual_pred, kinetic_logits, kinetic_confidence
Epoch 29/100: train_loss=0.431492 val_loss=0.434313 train=1362.5s val=119.2s balanced_accuracy=0.8267 precision=0.4137 recall=0.8293 f1=0.5228 auroc=0.9139 rmse=0.1794
Epoch 30 active losses: dynamic_logits, dynamic_confidence, frequency_pred, frequency_residual_pred, kinetic_logits, kinetic_confidence
Epoch 30/100: train_loss=0.425394 val_loss=0.41663 train=1342.6s val=127.4s balanced_accuracy=0.8502 precision=0.3919 recall=0.8348 f1=0.5087 auroc=0.9281 rmse=0.1636
Epoch 31 active losses: dynamic_logits, dynamic_confidence, frequency_pred, frequency_residual_pred, kinetic_logits, kinetic_confidence
Epoch 31/100: train_loss=0.415203 val_loss=0.404531 train=1326.5s val=125.9s balanced_accuracy=0.8385 precision=0.3988 recall=0.8254 f1=0.5133 auroc=0.9197 rmse=0.1642
Epoch 32 active losses: dynamic_logits, dynamic_confidence, frequency_pred, frequency_residual_pred, kinetic_logits, kinetic_confidence
Epoch 32/100: train_loss=0.406346 val_loss=0.390314 train=1310.9s val=125.9s balanced_accuracy=0.8465 precision=0.3992 recall=0.8302 f1=0.5115 auroc=0.9269 rmse=0.1682
Epoch 33 active losses: dynamic_logits, dynamic_confidence, frequency_pred, frequency_residual_pred, kinetic_logits, kinetic_confidence
Epoch 33/100: train_loss=0.394448 val_loss=0.390597 train=1328.8s val=121.4s balanced_accuracy=0.8348 precision=0.4035 recall=0.8235 f1=0.5172 auroc=0.9136 rmse=0.1655
Epoch 34 active losses: dynamic_logits, dynamic_confidence, frequency_pred, frequency_residual_pred, kinetic_logits, kinetic_confidence
Epoch 34/100: train_loss=0.393172 val_loss=0.385345 train=1350.6s val=128.6s balanced_accuracy=0.8438 precision=0.4035 recall=0.8189 f1=0.5188 auroc=0.9222 rmse=0.1658
Epoch 35 active losses: dynamic_logits, dynamic_confidence, frequency_pred, frequency_residual_pred, kinetic_logits, kinetic_confidence
Epoch 35/100: train_loss=0.383635 val_loss=0.380292 train=1317.8s val=130.0s balanced_accuracy=0.8257 precision=0.4218 recall=0.7904 f1=0.5203 auroc=0.9118 rmse=0.1613
Epoch 36 active losses: dynamic_logits, dynamic_confidence, frequency_pred, frequency_residual_pred, kinetic_logits, kinetic_confidence
Epoch 36/100: train_loss=0.380451 val_loss=0.370389 train=1307.5s val=125.2s balanced_accuracy=0.8495 precision=0.3926 recall=0.8379 f1=0.5089 auroc=0.9309 rmse=0.1704
Epoch 37 active losses: dynamic_logits, dynamic_confidence, frequency_pred, frequency_residual_pred, kinetic_logits, kinetic_confidence
Epoch 37/100: train_loss=0.373542 val_loss=0.370355 train=1331.5s val=124.4s balanced_accuracy=0.8334 precision=0.4256 recall=0.7939 f1=0.5239 auroc=0.9155 rmse=0.1674
Epoch 38 active losses: dynamic_logits, dynamic_confidence, frequency_pred, frequency_residual_pred, kinetic_logits, kinetic_confidence
Epoch 38/100: train_loss=0.367382 val_loss=0.356831 train=1320.6s val=120.3s balanced_accuracy=0.8473 precision=0.3899 recall=0.8297 f1=0.5076 auroc=0.9266 rmse=0.1661
Epoch 39 active losses: dynamic_logits, dynamic_confidence, frequency_pred, frequency_residual_pred, kinetic_logits, kinetic_confidence
Epoch 39/100: train_loss=0.357413 val_loss=0.357374 train=1302.1s val=120.5s balanced_accuracy=0.8370 precision=0.4205 recall=0.8043 f1=0.5278 auroc=0.9230 rmse=0.1648
Epoch 40 active losses: dynamic_logits, dynamic_confidence, frequency_pred, frequency_residual_pred, kinetic_logits, kinetic_confidence
Epoch 40/100: train_loss=0.353699 val_loss=0.344466 train=1304.5s val=129.4s balanced_accuracy=0.8412 precision=0.3951 recall=0.8206 f1=0.5021 auroc=0.9197 rmse=0.1647
Epoch 41 active losses: dynamic_logits, dynamic_confidence, frequency_pred, frequency_residual_pred, kinetic_logits, kinetic_confidence
Epoch 41/100: train_loss=0.349374 val_loss=0.341542 train=1326.6s val=117.6s balanced_accuracy=0.8320 precision=0.4196 recall=0.8252 f1=0.5298 auroc=0.9127 rmse=0.1650
Epoch 42 active losses: dynamic_logits, dynamic_confidence, frequency_pred, frequency_residual_pred, kinetic_logits, kinetic_confidence
Epoch 42/100: train_loss=0.346037 val_loss=0.345826 train=1318.9s val=126.8s balanced_accuracy=0.8331 precision=0.4173 recall=0.8059 f1=0.5203 auroc=0.9139 rmse=0.1658
Epoch 43 active losses: dynamic_logits, dynamic_confidence, frequency_pred, frequency_residual_pred, kinetic_logits, kinetic_confidence
Epoch 43/100: train_loss=0.339888 val_loss=0.344511 train=1313.6s val=124.9s balanced_accuracy=0.8323 precision=0.4107 recall=0.8067 f1=0.5095 auroc=0.9136 rmse=0.1692
Epoch 44 active losses: dynamic_logits, dynamic_confidence, frequency_pred, frequency_residual_pred, kinetic_logits, kinetic_confidence
Epoch 44/100: train_loss=0.333259 val_loss=0.327893 train=1316.4s val=121.3s balanced_accuracy=0.8254 precision=0.4299 recall=0.8071 f1=0.5342 auroc=0.9128 rmse=0.1685
Epoch 45 active losses: dynamic_logits, dynamic_confidence, frequency_pred, frequency_residual_pred, kinetic_logits, kinetic_confidence
Epoch 45/100: train_loss=0.330592 val_loss=0.32623 train=1295.8s val=114.4s balanced_accuracy=0.8334 precision=0.4072 recall=0.8173 f1=0.5200 auroc=0.9135 rmse=0.1631
Epoch 46 active losses: dynamic_logits, dynamic_confidence, frequency_pred, frequency_residual_pred, kinetic_logits, kinetic_confidence
Epoch 46/100: train_loss=0.327448 val_loss=0.315449 train=1271.2s val=118.2s balanced_accuracy=0.8405 precision=0.3973 recall=0.8403 f1=0.5171 auroc=0.9160 rmse=0.1683
Epoch 47 active losses: dynamic_logits, dynamic_confidence, frequency_pred, frequency_residual_pred, kinetic_logits, kinetic_confidence
Epoch 47/100: train_loss=0.317209 val_loss=0.313871 train=1294.3s val=122.7s balanced_accuracy=0.8317 precision=0.4199 recall=0.7812 f1=0.5212 auroc=0.9152 rmse=0.1642
Epoch 48 active losses: dynamic_logits, dynamic_confidence, frequency_pred, frequency_residual_pred, kinetic_logits, kinetic_confidence
Epoch 48/100: train_loss=0.314329 val_loss=0.315391 train=1295.6s val=118.2s balanced_accuracy=0.8313 precision=0.4363 recall=0.8157 f1=0.5463 auroc=0.9183 rmse=0.1676
Epoch 49 active losses: dynamic_logits, dynamic_confidence, frequency_pred, frequency_residual_pred, kinetic_logits, kinetic_confidence
Epoch 49/100: train_loss=0.312879 val_loss=0.299941 train=1284.4s val=117.2s balanced_accuracy=0.8420 precision=0.4130 recall=0.8204 f1=0.5279 auroc=0.9218 rmse=0.1646
Epoch 50 active losses: dynamic_logits, dynamic_confidence, frequency_pred, frequency_residual_pred, kinetic_logits, kinetic_confidence
Epoch 50/100: train_loss=0.305158 val_loss=0.305266 train=1275.3s val=121.5s balanced_accuracy=0.8368 precision=0.4355 recall=0.7970 f1=0.5223 auroc=0.9212 rmse=0.1698
Epoch 51 active losses: dynamic_logits, dynamic_confidence, frequency_pred, frequency_residual_pred, kinetic_logits, kinetic_confidence
Epoch 51/100: train_loss=0.302569 val_loss=0.298464 train=1306.2s val=121.1s balanced_accuracy=0.8358 precision=0.4028 recall=0.8196 f1=0.5153 auroc=0.9171 rmse=0.1692
Epoch 52 active losses: dynamic_logits, dynamic_confidence, frequency_pred, frequency_residual_pred, kinetic_logits, kinetic_confidence
Epoch 52/100: train_loss=0.301268 val_loss=0.299601 train=1287.1s val=112.4s balanced_accuracy=0.8285 precision=0.4002 recall=0.8200 f1=0.5114 auroc=0.9056 rmse=0.1715
Epoch 53 active losses: dynamic_logits, dynamic_confidence, frequency_pred, frequency_residual_pred, kinetic_logits, kinetic_confidence
Epoch 53/100: train_loss=0.296314 val_loss=0.293475 train=1354.2s val=123.5s balanced_accuracy=0.8350 precision=0.4364 recall=0.8084 f1=0.5399 auroc=0.9158 rmse=0.1619
Epoch 54 active losses: dynamic_logits, dynamic_confidence, frequency_pred, frequency_residual_pred, kinetic_logits, kinetic_confidence
Epoch 54/100: train_loss=0.288115 val_loss=0.290428 train=1323.2s val=124.7s balanced_accuracy=0.8301 precision=0.4128 recall=0.7968 f1=0.5127 auroc=0.9128 rmse=0.1604
Epoch 55 active losses: dynamic_logits, dynamic_confidence, frequency_pred, frequency_residual_pred, kinetic_logits, kinetic_confidence
Epoch 55/100: train_loss=0.287578 val_loss=0.288882 train=1310.9s val=126.3s balanced_accuracy=0.8322 precision=0.3889 recall=0.8149 f1=0.5013 auroc=0.9135 rmse=0.1634
Epoch 56 active losses: dynamic_logits, dynamic_confidence, frequency_pred, frequency_residual_pred, kinetic_logits, kinetic_confidence
Epoch 56/100: train_loss=0.284265 val_loss=0.291642 train=1306.9s val=120.9s balanced_accuracy=0.8389 precision=0.3988 recall=0.8258 f1=0.5075 auroc=0.9174 rmse=0.1628
Epoch 57 active losses: dynamic_logits, dynamic_confidence, frequency_pred, frequency_residual_pred, kinetic_logits, kinetic_confidence
Epoch 57/100: train_loss=0.281118 val_loss=0.278907 train=1269.4s val=116.6s balanced_accuracy=0.8394 precision=0.4135 recall=0.8188 f1=0.5242 auroc=0.9198 rmse=0.1724
Epoch 58 active losses: dynamic_logits, dynamic_confidence, frequency_pred, frequency_residual_pred, kinetic_logits, kinetic_confidence
Epoch 58/100: train_loss=0.276645 val_loss=0.282878 train=1281.0s val=114.8s balanced_accuracy=0.8318 precision=0.4417 recall=0.7945 f1=0.5421 auroc=0.9177 rmse=0.1612
Epoch 59 active losses: dynamic_logits, dynamic_confidence, frequency_pred, frequency_residual_pred, kinetic_logits, kinetic_confidence
Epoch 59/100: train_loss=0.272238 val_loss=0.274161 train=1283.5s val=121.9s balanced_accuracy=0.8247 precision=0.4506 recall=0.7847 f1=0.5456 auroc=0.9104 rmse=0.1662
Epoch 60 active losses: dynamic_logits, dynamic_confidence, frequency_pred, frequency_residual_pred, kinetic_logits, kinetic_confidence
Epoch 60/100: train_loss=0.273175 val_loss=0.278931 train=1270.3s val=125.1s balanced_accuracy=0.8267 precision=0.4122 recall=0.7938 f1=0.5103 auroc=0.9128 rmse=0.1611
Epoch 61 active losses: dynamic_logits, dynamic_confidence, frequency_pred, frequency_residual_pred, kinetic_logits, kinetic_confidence
Epoch 61/100: train_loss=0.269791 val_loss=0.269294 train=1236.9s val=116.6s balanced_accuracy=0.8269 precision=0.4102 recall=0.8032 f1=0.5158 auroc=0.9096 rmse=0.1695
Epoch 62 active losses: dynamic_logits, dynamic_confidence, frequency_pred, frequency_residual_pred, kinetic_logits, kinetic_confidence
Epoch 62/100: train_loss=0.26472 val_loss=0.249168 train=1280.1s val=122.1s balanced_accuracy=0.8532 precision=0.3799 recall=0.8282 f1=0.4997 auroc=0.9310 rmse=0.1608
Epoch 63 active losses: dynamic_logits, dynamic_confidence, frequency_pred, frequency_residual_pred, kinetic_logits, kinetic_confidence
Epoch 63/100: train_loss=0.259457 val_loss=0.25606 train=1270.3s val=117.6s balanced_accuracy=0.8405 precision=0.4139 recall=0.8060 f1=0.5192 auroc=0.9252 rmse=0.1662
Epoch 64 active losses: dynamic_logits, dynamic_confidence, frequency_pred, frequency_residual_pred, kinetic_logits, kinetic_confidence
Epoch 64/100: train_loss=0.261069 val_loss=0.252674 train=1252.5s val=119.7s balanced_accuracy=0.8195 precision=0.4091 recall=0.8151 f1=0.5201 auroc=0.9023 rmse=0.1663
Epoch 65 active losses: dynamic_logits, dynamic_confidence, frequency_pred, frequency_residual_pred, kinetic_logits, kinetic_confidence
Epoch 65/100: train_loss=0.259959 val_loss=0.260031 train=1279.6s val=120.1s balanced_accuracy=0.8247 precision=0.4305 recall=0.8045 f1=0.5267 auroc=0.9110 rmse=0.1677
Epoch 66 active losses: dynamic_logits, dynamic_confidence, frequency_pred, frequency_residual_pred, kinetic_logits, kinetic_confidence
Epoch 66/100: train_loss=0.254662 val_loss=0.253261 train=1276.3s val=114.0s balanced_accuracy=0.8426 precision=0.4044 recall=0.8211 f1=0.5188 auroc=0.9242 rmse=0.1690
Epoch 67 active losses: dynamic_logits, dynamic_confidence, frequency_pred, frequency_residual_pred, kinetic_logits, kinetic_confidence
Epoch 67/100: train_loss=0.252258 val_loss=0.244214 train=1297.7s val=122.5s balanced_accuracy=0.8400 precision=0.3756 recall=0.8325 f1=0.4948 auroc=0.9181 rmse=0.1649
Epoch 68 active losses: dynamic_logits, dynamic_confidence, frequency_pred, frequency_residual_pred, kinetic_logits, kinetic_confidence
Epoch 68/100: train_loss=0.254119 val_loss=0.244433 train=1282.6s val=120.4s balanced_accuracy=0.8193 precision=0.4017 recall=0.8208 f1=0.5117 auroc=0.9036 rmse=0.1685
Epoch 69 active losses: dynamic_logits, dynamic_confidence, frequency_pred, frequency_residual_pred, kinetic_logits, kinetic_confidence
Epoch 69/100: train_loss=0.247278 val_loss=0.246942 train=1303.3s val=122.5s balanced_accuracy=0.8265 precision=0.4213 recall=0.7939 f1=0.5196 auroc=0.9104 rmse=0.1666
Epoch 70 active losses: dynamic_logits, dynamic_confidence, frequency_pred, frequency_residual_pred, kinetic_logits, kinetic_confidence
Epoch 70/100: train_loss=0.247723 val_loss=0.239097 train=1266.4s val=115.2s balanced_accuracy=0.8283 precision=0.4245 recall=0.8359 f1=0.5354 auroc=0.9060 rmse=0.1685
Epoch 71 active losses: dynamic_logits, dynamic_confidence, frequency_pred, frequency_residual_pred, kinetic_logits, kinetic_confidence
Epoch 71/100: train_loss=0.242146 val_loss=0.236079 train=1280.5s val=112.9s balanced_accuracy=0.8385 precision=0.4547 recall=0.8043 f1=0.5540 auroc=0.9225 rmse=0.1683
Epoch 72 active losses: dynamic_logits, dynamic_confidence, frequency_pred, frequency_residual_pred, kinetic_logits, kinetic_confidence
Epoch 72/100: train_loss=0.241328 val_loss=0.246396 train=1282.7s val=118.6s balanced_accuracy=0.8114 precision=0.4101 recall=0.8145 f1=0.5176 auroc=0.9002 rmse=0.1704
Epoch 73 active losses: dynamic_logits, dynamic_confidence, frequency_pred, frequency_residual_pred, kinetic_logits, kinetic_confidence
Epoch 73/100: train_loss=0.23746 val_loss=0.236432 train=1251.3s val=124.2s balanced_accuracy=0.8407 precision=0.4150 recall=0.7923 f1=0.5208 auroc=0.9231 rmse=0.1626
Epoch 74 active losses: dynamic_logits, dynamic_confidence, frequency_pred, frequency_residual_pred, kinetic_logits, kinetic_confidence
Epoch 74/100: train_loss=0.235304 val_loss=0.240805 train=1284.3s val=121.4s balanced_accuracy=0.8311 precision=0.4237 recall=0.7858 f1=0.5243 auroc=0.9178 rmse=0.1652
Epoch 75 active losses: dynamic_logits, dynamic_confidence, frequency_pred, frequency_residual_pred, kinetic_logits, kinetic_confidence
Epoch 75/100: train_loss=0.233469 val_loss=0.23078 train=1267.7s val=122.8s balanced_accuracy=0.8377 precision=0.4184 recall=0.8117 f1=0.5284 auroc=0.9186 rmse=0.1623
Epoch 76 active losses: dynamic_logits, dynamic_confidence, frequency_pred, frequency_residual_pred, kinetic_logits, kinetic_confidence
Epoch 76/100: train_loss=0.23222 val_loss=0.22359 train=1283.5s val=121.0s balanced_accuracy=0.8473 precision=0.4410 recall=0.7940 f1=0.5431 auroc=0.9315 rmse=0.1596
Epoch 77 active losses: dynamic_logits, dynamic_confidence, frequency_pred, frequency_residual_pred, kinetic_logits, kinetic_confidence
Epoch 77/100: train_loss=0.23045 val_loss=0.23022 train=1292.3s val=125.1s balanced_accuracy=0.8338 precision=0.4154 recall=0.8107 f1=0.5235 auroc=0.9123 rmse=0.1629
Epoch 78 active losses: dynamic_logits, dynamic_confidence, frequency_pred, frequency_residual_pred, kinetic_logits, kinetic_confidence
Epoch 78/100: train_loss=0.230417 val_loss=0.229134 train=1310.0s val=125.3s balanced_accuracy=0.8226 precision=0.3781 recall=0.8271 f1=0.4964 auroc=0.9055 rmse=0.1657
Epoch 79 active losses: dynamic_logits, dynamic_confidence, frequency_pred, frequency_residual_pred, kinetic_logits, kinetic_confidence
Epoch 79/100: train_loss=0.225919 val_loss=0.228676 train=1297.9s val=120.8s balanced_accuracy=0.8302 precision=0.4419 recall=0.7984 f1=0.5417 auroc=0.9159 rmse=0.1714
Epoch 80 active losses: dynamic_logits, dynamic_confidence, frequency_pred, frequency_residual_pred, kinetic_logits, kinetic_confidence
Epoch 80/100: train_loss=0.223022 val_loss=0.22653 train=1323.8s val=120.6s balanced_accuracy=0.8281 precision=0.4089 recall=0.7963 f1=0.5080 auroc=0.9099 rmse=0.1638
Epoch 81 active losses: dynamic_logits, dynamic_confidence, frequency_pred, frequency_residual_pred, kinetic_logits, kinetic_confidence
Epoch 81/100: train_loss=0.22173 val_loss=0.223676 train=1288.7s val=129.5s balanced_accuracy=0.8318 precision=0.4025 recall=0.8004 f1=0.5064 auroc=0.9141 rmse=0.1653
Epoch 82 active losses: dynamic_logits, dynamic_confidence, frequency_pred, frequency_residual_pred, kinetic_logits, kinetic_confidence
Epoch 82/100: train_loss=0.224797 val_loss=0.224676 train=1310.8s val=120.5s balanced_accuracy=0.8347 precision=0.4129 recall=0.8179 f1=0.5209 auroc=0.9155 rmse=0.1599
Epoch 83 active losses: dynamic_logits, dynamic_confidence, frequency_pred, frequency_residual_pred, kinetic_logits, kinetic_confidence
Epoch 83/100: train_loss=0.219089 val_loss=0.218444 train=1308.6s val=125.0s balanced_accuracy=0.8380 precision=0.4382 recall=0.7889 f1=0.5357 auroc=0.9226 rmse=0.1571
Epoch 84 active losses: dynamic_logits, dynamic_confidence, frequency_pred, frequency_residual_pred, kinetic_logits, kinetic_confidence
Epoch 84/100: train_loss=0.217876 val_loss=0.215959 train=1300.4s val=121.3s balanced_accuracy=0.8341 precision=0.4250 recall=0.8179 f1=0.5301 auroc=0.9154 rmse=0.1618
Epoch 85 active losses: dynamic_logits, dynamic_confidence, frequency_pred, frequency_residual_pred, kinetic_logits, kinetic_confidence
Epoch 85/100: train_loss=0.214399 val_loss=0.209415 train=1703.8s val=124.1s balanced_accuracy=0.8371 precision=0.4323 recall=0.8169 f1=0.5423 auroc=0.9193 rmse=0.1712
Epoch 86 active losses: dynamic_logits, dynamic_confidence, frequency_pred, frequency_residual_pred, kinetic_logits, kinetic_confidence
Epoch 86/100: train_loss=0.214304 val_loss=0.214751 train=1360.1s val=127.3s balanced_accuracy=0.8342 precision=0.4113 recall=0.8162 f1=0.5202 auroc=0.9178 rmse=0.1617
Epoch 87 active losses: dynamic_logits, dynamic_confidence, frequency_pred, frequency_residual_pred, kinetic_logits, kinetic_confidence
Epoch 87/100: train_loss=0.214611 val_loss=0.211414 train=1412.1s val=135.2s balanced_accuracy=0.8213 precision=0.4362 recall=0.8045 f1=0.5317 auroc=0.9076 rmse=0.1646
Epoch 88 active losses: dynamic_logits, dynamic_confidence, frequency_pred, frequency_residual_pred, kinetic_logits, kinetic_confidence
Epoch 88/100: train_loss=0.211759 val_loss=0.213604 train=1654.7s val=170.0s balanced_accuracy=0.8263 precision=0.4226 recall=0.7898 f1=0.5218 auroc=0.9095 rmse=0.1616
Epoch 89 active losses: dynamic_logits, dynamic_confidence, frequency_pred, frequency_residual_pred, kinetic_logits, kinetic_confidence
Epoch 89/100: train_loss=0.210814 val_loss=0.211287 train=1826.8s val=162.1s balanced_accuracy=0.8259 precision=0.4265 recall=0.8110 f1=0.5266 auroc=0.9111 rmse=0.1682
Epoch 90 active losses: dynamic_logits, dynamic_confidence, frequency_pred, frequency_residual_pred, kinetic_logits, kinetic_confidence
Epoch 90/100: train_loss=0.209446 val_loss=0.207329 train=1804.1s val=167.6s balanced_accuracy=0.8316 precision=0.4363 recall=0.7892 f1=0.5353 auroc=0.9203 rmse=0.1645
Epoch 91 active losses: dynamic_logits, dynamic_confidence, frequency_pred, frequency_residual_pred, kinetic_logits, kinetic_confidence
Epoch 91/100: train_loss=0.207942 val_loss=0.200879 train=1773.3s val=168.3s balanced_accuracy=0.8373 precision=0.3988 recall=0.8206 f1=0.5133 auroc=0.9186 rmse=0.1604
Epoch 92 active losses: dynamic_logits, dynamic_confidence, frequency_pred, frequency_residual_pred, kinetic_logits, kinetic_confidence
Epoch 92/100: train_loss=0.205399 val_loss=0.202584 train=1777.1s val=173.3s balanced_accuracy=0.8494 precision=0.4103 recall=0.8404 f1=0.5298 auroc=0.9282 rmse=0.1672
Epoch 93 active losses: dynamic_logits, dynamic_confidence, frequency_pred, frequency_residual_pred, kinetic_logits, kinetic_confidence
Epoch 93/100: train_loss=0.206221 val_loss=0.207788 train=1791.2s val=184.8s balanced_accuracy=0.8300 precision=0.4096 recall=0.8273 f1=0.5177 auroc=0.9153 rmse=0.1689
Epoch 94 active losses: dynamic_logits, dynamic_confidence, frequency_pred, frequency_residual_pred, kinetic_logits, kinetic_confidence
Epoch 94/100: train_loss=0.202936 val_loss=0.202526 train=1840.9s val=169.4s balanced_accuracy=0.8328 precision=0.4357 recall=0.7923 f1=0.5312 auroc=0.9133 rmse=0.1670
Epoch 95 active losses: dynamic_logits, dynamic_confidence, frequency_pred, frequency_residual_pred, kinetic_logits, kinetic_confidence
Epoch 95/100: train_loss=0.203442 val_loss=0.19305 train=1834.0s val=169.7s balanced_accuracy=0.8482 precision=0.4262 recall=0.8188 f1=0.5398 auroc=0.9304 rmse=0.1671
Epoch 96 active losses: dynamic_logits, dynamic_confidence, frequency_pred, frequency_residual_pred, kinetic_logits, kinetic_confidence
Epoch 96/100: train_loss=0.20249 val_loss=0.195705 train=1799.1s val=172.4s balanced_accuracy=0.8405 precision=0.4302 recall=0.8161 f1=0.5385 auroc=0.9270 rmse=0.1651
Epoch 97 active losses: dynamic_logits, dynamic_confidence, frequency_pred, frequency_residual_pred, kinetic_logits, kinetic_confidence
Epoch 97/100: train_loss=0.198452 val_loss=0.191939 train=1825.4s val=160.5s balanced_accuracy=0.8446 precision=0.4395 recall=0.8245 f1=0.5516 auroc=0.9249 rmse=0.1694
Epoch 98 active losses: dynamic_logits, dynamic_confidence, frequency_pred, frequency_residual_pred, kinetic_logits, kinetic_confidence
Epoch 98/100: train_loss=0.198105 val_loss=0.198873 train=1794.2s val=170.0s balanced_accuracy=0.8272 precision=0.4051 recall=0.8250 f1=0.5125 auroc=0.9101 rmse=0.1687
Epoch 99 active losses: dynamic_logits, dynamic_confidence, frequency_pred, frequency_residual_pred, kinetic_logits, kinetic_confidence
Epoch 99/100: train_loss=0.196254 val_loss=0.196338 train=1809.1s val=163.8s balanced_accuracy=0.8312 precision=0.4498 recall=0.7819 f1=0.5420 auroc=0.9195 rmse=0.1623
Epoch 100 active losses: dynamic_logits, dynamic_confidence, frequency_pred, frequency_residual_pred, kinetic_logits, kinetic_confidence
Epoch 100/100: train_loss=0.195671 val_loss=0.196953 train=1794.9s val=170.2s balanced_accuracy=0.8288 precision=0.4452 recall=0.7939 f1=0.5440 auroc=0.9123 rmse=0.1634
Training complete in 160107.1s; best validation loss=0.191939
